[insel.gg/index.html]
[backblue.gif]
[fade.gif]
[index.html]
[i.ibb.co/ZGMdC1f/unknown.png]
[insel.gg/assets/img/logo.png]
[insel.gg/assets/css/bootstrap.css]
[insel.gg/assets/css/owl.carousel.min.css]
[insel.gg/assets/css/style.css]
[insel.gg/assets/css/responsive.css]
[insel.gg/assets/img/youtube.png]
[insel.gg/assets/img/dtl.png]
[insel.gg/assets/img/insel-shop-1.png]
[insel.gg/assets/img/gta-online-cayo-perico-heist.jpg]
[insel.gg/assets/img/plane.png]
[insel.gg/assets/img/res1.png]
[insel.gg/assets/img/Logos1.png]
[insel.gg/assets/img/res2.png]
[insel.gg/assets/img/Logos2.png]
[insel.gg/assets/img/res3.png]
[insel.gg/assets/img/Logos.png]
[insel.gg/assets/img/d2.png]
[insel.gg/assets/img/slider-3.png]
[insel.gg/assets/img/mains1.png]
[insel.gg/assets/img/mains2.png]
[insel.gg/assets/js/jquery-2.1.3.min.js]
[insel.gg/assets/js/bootstrap.min.js]
[insel.gg/assets/js/owl.carousel.min.js]
[insel.gg/assets/js/script.js]
[insel.gg/assets/js/sweetalert2.all.min.js]
[insel.gg/index.html]
[insel.gg/assets/css/bootstrap.css]
[kit.fontawesome.com/9e1522e7ab.js]
[insel.gg/assets/css/owl.carousel.min.css]
[insel.gg/assets/img/bnr.png]
[insel.gg/assets/img/s-bg.png]
[insel.gg/assets/img/footer-bg.png]
[insel.gg/assets/css/style.css]
[insel.gg/assets/css/responsive.css]
[insel.gg/assets/css/owl.video.play.html]
